[08-Apr-2026 08:16:07 UTC] PHP Warning:  fopen(D:/Apache24/Apach24/htdocs/Site_txt2/users.txt): Failed to open stream: No such file or directory in D:\Apache24\Apache24\htdocs\Site_txt2\auth.php on line 10
[08-Apr-2026 08:16:07 UTC] PHP Fatal error:  Uncaught TypeError: fwrite(): Argument #1 ($stream) must be of type resource, false given in D:\Apache24\Apache24\htdocs\Site_txt2\auth.php:11
Stack trace:
#0 D:\Apache24\Apache24\htdocs\Site_txt2\auth.php(11): fwrite(false, '\n\xD0\x91\xD0\xBE\xD0\xBB\xD0\xB3\xD0\xBE\xD0\xB2|\xD0...')
#1 D:\Apache24\Apache24\htdocs\Site_txt2\auth.php(15): register()
#2 {main}
  thrown in D:\Apache24\Apache24\htdocs\Site_txt2\auth.php on line 11
[08-May-2026 07:03:15 UTC] PHP Warning:  Undefined global variable $_SESSION in D:\Apache24\Apache24\htdocs\Site_BD_True\index.php on line 2
[08-May-2026 07:03:15 UTC] PHP Warning:  Trying to access array offset on null in D:\Apache24\Apache24\htdocs\Site_BD_True\index.php on line 2
[08-May-2026 07:03:56 UTC] PHP Warning:  Undefined array key "name" in D:\Apache24\Apache24\htdocs\Site_BD_True\index.php on line 3
[08-May-2026 07:18:48 UTC] PHP Warning:  Undefined variable $email in D:\Apache24\Apache24\htdocs\Site_BD_True\login.php on line 12
[08-May-2026 07:22:28 UTC] PHP Warning:  Undefined variable $email in D:\Apache24\Apache24\htdocs\Site_BD_True\login.php on line 14
[08-May-2026 07:22:28 UTC] PHP Warning:  Trying to access array offset on false in D:\Apache24\Apache24\htdocs\Site_BD_True\login.php on line 22
[08-May-2026 07:22:28 UTC] PHP Warning:  Undefined variable $password in D:\Apache24\Apache24\htdocs\Site_BD_True\login.php on line 22
[08-May-2026 07:22:28 UTC] PHP Warning:  Trying to access array offset on false in D:\Apache24\Apache24\htdocs\Site_BD_True\login.php on line 23
[08-May-2026 07:22:28 UTC] PHP Warning:  Trying to access array offset on false in D:\Apache24\Apache24\htdocs\Site_BD_True\login.php on line 23
[08-May-2026 07:22:28 UTC] PHP Warning:  Undefined variable $email in D:\Apache24\Apache24\htdocs\Site_BD_True\login.php on line 34
[08-May-2026 07:25:53 UTC] PHP Warning:  Undefined variable $email in D:\Apache24\Apache24\htdocs\Site_BD_True\login.php on line 14
[08-May-2026 07:25:53 UTC] PHP Warning:  Trying to access array offset on false in D:\Apache24\Apache24\htdocs\Site_BD_True\login.php on line 22
[08-May-2026 07:25:53 UTC] PHP Warning:  Undefined variable $password in D:\Apache24\Apache24\htdocs\Site_BD_True\login.php on line 22
[08-May-2026 07:25:53 UTC] PHP Warning:  Trying to access array offset on false in D:\Apache24\Apache24\htdocs\Site_BD_True\login.php on line 23
[08-May-2026 07:25:53 UTC] PHP Warning:  Trying to access array offset on false in D:\Apache24\Apache24\htdocs\Site_BD_True\login.php on line 23
[08-May-2026 07:25:53 UTC] PHP Warning:  Undefined variable $email in D:\Apache24\Apache24\htdocs\Site_BD_True\login.php on line 34
[08-May-2026 07:30:15 UTC] PHP Warning:  Undefined variable $email in D:\Apache24\Apache24\htdocs\Site_BD_True\login.php on line 18
[08-May-2026 08:51:54 UTC] PHP Warning:  Undefined array key "name" in D:\Apache24\Apache24\htdocs\Site_BD_True\index.php on line 4
[08-May-2026 08:51:54 UTC] PHP Warning:  Undefined array key "patronymic" in D:\Apache24\Apache24\htdocs\Site_BD_True\index.php on line 4
[08-May-2026 10:27:49 UTC] PHP Notice:  session_start(): Ignoring session_start() because a session is already active (started from D:\Apache24\Apache24\htdocs\Site_BD_True\index.php on line 2) in D:\Apache24\Apache24\htdocs\Site_BD_True\products-template.php on line 3
[08-May-2026 10:27:50 UTC] PHP Warning:  Trying to access array offset on int in D:\Apache24\Apache24\htdocs\Site_BD_True\products-template.php on line 27
[08-May-2026 10:27:50 UTC] PHP Warning:  Trying to access array offset on int in D:\Apache24\Apache24\htdocs\Site_BD_True\products-template.php on line 28
[08-May-2026 10:27:50 UTC] PHP Warning:  Trying to access array offset on int in D:\Apache24\Apache24\htdocs\Site_BD_True\products-template.php on line 29
[08-May-2026 10:27:50 UTC] PHP Warning:  Trying to access array offset on int in D:\Apache24\Apache24\htdocs\Site_BD_True\products-template.php on line 30
[08-May-2026 10:27:50 UTC] PHP Warning:  Trying to access array offset on int in D:\Apache24\Apache24\htdocs\Site_BD_True\products-template.php on line 31
[08-May-2026 10:27:50 UTC] PHP Warning:  Trying to access array offset on int in D:\Apache24\Apache24\htdocs\Site_BD_True\products-template.php on line 32
[08-May-2026 10:27:50 UTC] PHP Warning:  Trying to access array offset on int in D:\Apache24\Apache24\htdocs\Site_BD_True\products-template.php on line 33
[08-May-2026 10:27:50 UTC] PHP Warning:  Trying to access array offset on int in D:\Apache24\Apache24\htdocs\Site_BD_True\products-template.php on line 34
[08-May-2026 10:27:50 UTC] PHP Warning:  Trying to access array offset on int in D:\Apache24\Apache24\htdocs\Site_BD_True\products-template.php on line 36
[08-May-2026 10:27:50 UTC] PHP Warning:  Trying to access array offset on int in D:\Apache24\Apache24\htdocs\Site_BD_True\products-template.php on line 37
[08-May-2026 10:27:50 UTC] PHP Warning:  Trying to access array offset on int in D:\Apache24\Apache24\htdocs\Site_BD_True\products-template.php on line 38
[08-May-2026 10:27:50 UTC] PHP Warning:  Trying to access array offset on int in D:\Apache24\Apache24\htdocs\Site_BD_True\products-template.php on line 39
[08-May-2026 10:27:50 UTC] PHP Deprecated:  number_format(): Passing null to parameter #1 ($num) of type float is deprecated in D:\Apache24\Apache24\htdocs\Site_BD_True\products-template.php on line 39
[08-May-2026 10:27:50 UTC] PHP Fatal error:  Uncaught TypeError: Cannot access offset of type string on string in D:\Apache24\Apache24\htdocs\Site_BD_True\products-template.php:27
Stack trace:
#0 D:\Apache24\Apache24\htdocs\Site_BD_True\index.php(154): include()
#1 {main}
  thrown in D:\Apache24\Apache24\htdocs\Site_BD_True\products-template.php on line 27
[08-May-2026 10:28:39 UTC] PHP Warning:  Trying to access array offset on int in D:\Apache24\Apache24\htdocs\Site_BD_True\products-template.php on line 26
[08-May-2026 10:28:39 UTC] PHP Warning:  Trying to access array offset on int in D:\Apache24\Apache24\htdocs\Site_BD_True\products-template.php on line 27
[08-May-2026 10:28:39 UTC] PHP Warning:  Trying to access array offset on int in D:\Apache24\Apache24\htdocs\Site_BD_True\products-template.php on line 28
[08-May-2026 10:28:39 UTC] PHP Warning:  Trying to access array offset on int in D:\Apache24\Apache24\htdocs\Site_BD_True\products-template.php on line 29
[08-May-2026 10:28:39 UTC] PHP Warning:  Trying to access array offset on int in D:\Apache24\Apache24\htdocs\Site_BD_True\products-template.php on line 30
[08-May-2026 10:28:39 UTC] PHP Warning:  Trying to access array offset on int in D:\Apache24\Apache24\htdocs\Site_BD_True\products-template.php on line 31
[08-May-2026 10:28:39 UTC] PHP Warning:  Trying to access array offset on int in D:\Apache24\Apache24\htdocs\Site_BD_True\products-template.php on line 32
[08-May-2026 10:28:39 UTC] PHP Warning:  Trying to access array offset on int in D:\Apache24\Apache24\htdocs\Site_BD_True\products-template.php on line 33
[08-May-2026 10:28:39 UTC] PHP Warning:  Trying to access array offset on int in D:\Apache24\Apache24\htdocs\Site_BD_True\products-template.php on line 35
[08-May-2026 10:28:39 UTC] PHP Warning:  Trying to access array offset on int in D:\Apache24\Apache24\htdocs\Site_BD_True\products-template.php on line 36
[08-May-2026 10:28:39 UTC] PHP Warning:  Trying to access array offset on int in D:\Apache24\Apache24\htdocs\Site_BD_True\products-template.php on line 37
[08-May-2026 10:28:39 UTC] PHP Warning:  Trying to access array offset on int in D:\Apache24\Apache24\htdocs\Site_BD_True\products-template.php on line 38
[08-May-2026 10:28:39 UTC] PHP Deprecated:  number_format(): Passing null to parameter #1 ($num) of type float is deprecated in D:\Apache24\Apache24\htdocs\Site_BD_True\products-template.php on line 38
[08-May-2026 10:28:39 UTC] PHP Fatal error:  Uncaught TypeError: Cannot access offset of type string on string in D:\Apache24\Apache24\htdocs\Site_BD_True\products-template.php:26
Stack trace:
#0 D:\Apache24\Apache24\htdocs\Site_BD_True\index.php(154): include()
#1 {main}
  thrown in D:\Apache24\Apache24\htdocs\Site_BD_True\products-template.php on line 26
[08-May-2026 10:34:03 UTC] PHP Warning:  Trying to access array offset on int in D:\Apache24\Apache24\htdocs\Site_BD_True\products-template.php on line 26
[08-May-2026 10:34:03 UTC] PHP Warning:  Trying to access array offset on int in D:\Apache24\Apache24\htdocs\Site_BD_True\products-template.php on line 27
[08-May-2026 10:34:03 UTC] PHP Warning:  Trying to access array offset on int in D:\Apache24\Apache24\htdocs\Site_BD_True\products-template.php on line 28
[08-May-2026 10:34:03 UTC] PHP Warning:  Trying to access array offset on int in D:\Apache24\Apache24\htdocs\Site_BD_True\products-template.php on line 29
[08-May-2026 10:34:03 UTC] PHP Warning:  Trying to access array offset on int in D:\Apache24\Apache24\htdocs\Site_BD_True\products-template.php on line 30
[08-May-2026 10:34:03 UTC] PHP Warning:  Trying to access array offset on int in D:\Apache24\Apache24\htdocs\Site_BD_True\products-template.php on line 31
[08-May-2026 10:34:03 UTC] PHP Warning:  Trying to access array offset on int in D:\Apache24\Apache24\htdocs\Site_BD_True\products-template.php on line 32
[08-May-2026 10:34:03 UTC] PHP Warning:  Trying to access array offset on int in D:\Apache24\Apache24\htdocs\Site_BD_True\products-template.php on line 33
[08-May-2026 10:34:03 UTC] PHP Warning:  Trying to access array offset on int in D:\Apache24\Apache24\htdocs\Site_BD_True\products-template.php on line 35
[08-May-2026 10:34:03 UTC] PHP Warning:  Trying to access array offset on int in D:\Apache24\Apache24\htdocs\Site_BD_True\products-template.php on line 36
[08-May-2026 10:34:03 UTC] PHP Warning:  Trying to access array offset on int in D:\Apache24\Apache24\htdocs\Site_BD_True\products-template.php on line 37
[08-May-2026 10:34:03 UTC] PHP Warning:  Trying to access array offset on int in D:\Apache24\Apache24\htdocs\Site_BD_True\products-template.php on line 38
[08-May-2026 10:34:03 UTC] PHP Deprecated:  number_format(): Passing null to parameter #1 ($num) of type float is deprecated in D:\Apache24\Apache24\htdocs\Site_BD_True\products-template.php on line 38
[08-May-2026 10:34:03 UTC] PHP Fatal error:  Uncaught TypeError: Cannot access offset of type string on string in D:\Apache24\Apache24\htdocs\Site_BD_True\products-template.php:26
Stack trace:
#0 D:\Apache24\Apache24\htdocs\Site_BD_True\index.php(154): include()
#1 {main}
  thrown in D:\Apache24\Apache24\htdocs\Site_BD_True\products-template.php on line 26
[08-May-2026 10:35:17 UTC] PHP Warning:  Trying to access array offset on int in D:\Apache24\Apache24\htdocs\Site_BD_True\products-template.php on line 26
[08-May-2026 10:35:17 UTC] PHP Warning:  Trying to access array offset on int in D:\Apache24\Apache24\htdocs\Site_BD_True\products-template.php on line 27
[08-May-2026 10:35:17 UTC] PHP Warning:  Trying to access array offset on int in D:\Apache24\Apache24\htdocs\Site_BD_True\products-template.php on line 28
[08-May-2026 10:35:17 UTC] PHP Warning:  Trying to access array offset on int in D:\Apache24\Apache24\htdocs\Site_BD_True\products-template.php on line 29
[08-May-2026 10:35:17 UTC] PHP Warning:  Trying to access array offset on int in D:\Apache24\Apache24\htdocs\Site_BD_True\products-template.php on line 30
[08-May-2026 10:35:17 UTC] PHP Warning:  Trying to access array offset on int in D:\Apache24\Apache24\htdocs\Site_BD_True\products-template.php on line 31
[08-May-2026 10:35:17 UTC] PHP Warning:  Trying to access array offset on int in D:\Apache24\Apache24\htdocs\Site_BD_True\products-template.php on line 32
[08-May-2026 10:35:17 UTC] PHP Warning:  Trying to access array offset on int in D:\Apache24\Apache24\htdocs\Site_BD_True\products-template.php on line 33
[08-May-2026 10:35:17 UTC] PHP Warning:  Trying to access array offset on int in D:\Apache24\Apache24\htdocs\Site_BD_True\products-template.php on line 35
[08-May-2026 10:35:17 UTC] PHP Warning:  Trying to access array offset on int in D:\Apache24\Apache24\htdocs\Site_BD_True\products-template.php on line 36
[08-May-2026 10:35:17 UTC] PHP Warning:  Trying to access array offset on int in D:\Apache24\Apache24\htdocs\Site_BD_True\products-template.php on line 37
[08-May-2026 10:35:17 UTC] PHP Warning:  Trying to access array offset on int in D:\Apache24\Apache24\htdocs\Site_BD_True\products-template.php on line 38
[08-May-2026 10:35:17 UTC] PHP Deprecated:  number_format(): Passing null to parameter #1 ($num) of type float is deprecated in D:\Apache24\Apache24\htdocs\Site_BD_True\products-template.php on line 38
[08-May-2026 10:35:17 UTC] PHP Fatal error:  Uncaught TypeError: Cannot access offset of type string on string in D:\Apache24\Apache24\htdocs\Site_BD_True\products-template.php:26
Stack trace:
#0 D:\Apache24\Apache24\htdocs\Site_BD_True\index.php(154): include()
#1 {main}
  thrown in D:\Apache24\Apache24\htdocs\Site_BD_True\products-template.php on line 26
[08-May-2026 10:37:18 UTC] PHP Warning:  Undefined array key "image" in D:\Apache24\Apache24\htdocs\Site_BD_True\products-template.php on line 32
[08-May-2026 10:37:18 UTC] PHP Warning:  Undefined array key "image" in D:\Apache24\Apache24\htdocs\Site_BD_True\products-template.php on line 33
[08-May-2026 10:37:18 UTC] PHP Warning:  Undefined array key "image" in D:\Apache24\Apache24\htdocs\Site_BD_True\products-template.php on line 32
[08-May-2026 10:37:18 UTC] PHP Warning:  Undefined array key "image" in D:\Apache24\Apache24\htdocs\Site_BD_True\products-template.php on line 33
[08-May-2026 10:37:18 UTC] PHP Warning:  Undefined array key "image" in D:\Apache24\Apache24\htdocs\Site_BD_True\products-template.php on line 32
[08-May-2026 10:37:18 UTC] PHP Warning:  Undefined array key "image" in D:\Apache24\Apache24\htdocs\Site_BD_True\products-template.php on line 33
[08-May-2026 10:37:18 UTC] PHP Warning:  Undefined array key "image" in D:\Apache24\Apache24\htdocs\Site_BD_True\products-template.php on line 32
[08-May-2026 10:37:18 UTC] PHP Warning:  Undefined array key "image" in D:\Apache24\Apache24\htdocs\Site_BD_True\products-template.php on line 33
[08-May-2026 10:37:18 UTC] PHP Warning:  Undefined array key "image" in D:\Apache24\Apache24\htdocs\Site_BD_True\products-template.php on line 32
[08-May-2026 10:37:18 UTC] PHP Warning:  Undefined array key "image" in D:\Apache24\Apache24\htdocs\Site_BD_True\products-template.php on line 33
[08-May-2026 10:37:18 UTC] PHP Warning:  Undefined array key "image" in D:\Apache24\Apache24\htdocs\Site_BD_True\products-template.php on line 32
[08-May-2026 10:37:18 UTC] PHP Warning:  Undefined array key "image" in D:\Apache24\Apache24\htdocs\Site_BD_True\products-template.php on line 33
[08-May-2026 10:37:18 UTC] PHP Warning:  Undefined array key "image" in D:\Apache24\Apache24\htdocs\Site_BD_True\products-template.php on line 32
[08-May-2026 10:37:18 UTC] PHP Warning:  Undefined array key "image" in D:\Apache24\Apache24\htdocs\Site_BD_True\products-template.php on line 33
[08-May-2026 10:37:18 UTC] PHP Warning:  Undefined array key "image" in D:\Apache24\Apache24\htdocs\Site_BD_True\products-template.php on line 32
[08-May-2026 10:37:18 UTC] PHP Warning:  Undefined array key "image" in D:\Apache24\Apache24\htdocs\Site_BD_True\products-template.php on line 33
[08-May-2026 10:37:18 UTC] PHP Warning:  Undefined array key "image" in D:\Apache24\Apache24\htdocs\Site_BD_True\products-template.php on line 32
[08-May-2026 10:37:18 UTC] PHP Warning:  Undefined array key "image" in D:\Apache24\Apache24\htdocs\Site_BD_True\products-template.php on line 33
[08-May-2026 10:37:18 UTC] PHP Warning:  Undefined array key "image" in D:\Apache24\Apache24\htdocs\Site_BD_True\products-template.php on line 32
[08-May-2026 10:37:18 UTC] PHP Warning:  Undefined array key "image" in D:\Apache24\Apache24\htdocs\Site_BD_True\products-template.php on line 33
[08-May-2026 10:37:18 UTC] PHP Warning:  Undefined array key "image" in D:\Apache24\Apache24\htdocs\Site_BD_True\products-template.php on line 32
[08-May-2026 10:37:18 UTC] PHP Warning:  Undefined array key "image" in D:\Apache24\Apache24\htdocs\Site_BD_True\products-template.php on line 33
[08-May-2026 10:37:18 UTC] PHP Warning:  Undefined array key "image" in D:\Apache24\Apache24\htdocs\Site_BD_True\products-template.php on line 32
[08-May-2026 10:37:18 UTC] PHP Warning:  Undefined array key "image" in D:\Apache24\Apache24\htdocs\Site_BD_True\products-template.php on line 33
[08-May-2026 10:37:18 UTC] PHP Warning:  Undefined array key "image" in D:\Apache24\Apache24\htdocs\Site_BD_True\products-template.php on line 32
[08-May-2026 10:37:18 UTC] PHP Warning:  Undefined array key "image" in D:\Apache24\Apache24\htdocs\Site_BD_True\products-template.php on line 33
[08-May-2026 10:37:18 UTC] PHP Warning:  Undefined array key "image" in D:\Apache24\Apache24\htdocs\Site_BD_True\products-template.php on line 32
[08-May-2026 10:37:18 UTC] PHP Warning:  Undefined array key "image" in D:\Apache24\Apache24\htdocs\Site_BD_True\products-template.php on line 33
[08-May-2026 10:37:18 UTC] PHP Warning:  Undefined array key "image" in D:\Apache24\Apache24\htdocs\Site_BD_True\products-template.php on line 32
[08-May-2026 10:37:18 UTC] PHP Warning:  Undefined array key "image" in D:\Apache24\Apache24\htdocs\Site_BD_True\products-template.php on line 33
[08-May-2026 10:37:18 UTC] PHP Warning:  Undefined array key "image" in D:\Apache24\Apache24\htdocs\Site_BD_True\products-template.php on line 32
[08-May-2026 10:37:18 UTC] PHP Warning:  Undefined array key "image" in D:\Apache24\Apache24\htdocs\Site_BD_True\products-template.php on line 33
[08-May-2026 10:37:18 UTC] PHP Warning:  Undefined array key "image" in D:\Apache24\Apache24\htdocs\Site_BD_True\products-template.php on line 32
[08-May-2026 10:37:18 UTC] PHP Warning:  Undefined array key "image" in D:\Apache24\Apache24\htdocs\Site_BD_True\products-template.php on line 33
[08-May-2026 10:37:18 UTC] PHP Warning:  Undefined array key "image" in D:\Apache24\Apache24\htdocs\Site_BD_True\products-template.php on line 32
[08-May-2026 10:37:18 UTC] PHP Warning:  Undefined array key "image" in D:\Apache24\Apache24\htdocs\Site_BD_True\products-template.php on line 33
[08-May-2026 10:37:18 UTC] PHP Warning:  Undefined array key "image" in D:\Apache24\Apache24\htdocs\Site_BD_True\products-template.php on line 32
[08-May-2026 10:37:18 UTC] PHP Warning:  Undefined array key "image" in D:\Apache24\Apache24\htdocs\Site_BD_True\products-template.php on line 33
[08-May-2026 10:37:18 UTC] PHP Warning:  Undefined array key "image" in D:\Apache24\Apache24\htdocs\Site_BD_True\products-template.php on line 32
[08-May-2026 10:37:18 UTC] PHP Warning:  Undefined array key "image" in D:\Apache24\Apache24\htdocs\Site_BD_True\products-template.php on line 33
[08-May-2026 10:37:18 UTC] PHP Warning:  Undefined array key "image" in D:\Apache24\Apache24\htdocs\Site_BD_True\products-template.php on line 32
[08-May-2026 10:37:18 UTC] PHP Warning:  Undefined array key "image" in D:\Apache24\Apache24\htdocs\Site_BD_True\products-template.php on line 33
[08-May-2026 10:37:18 UTC] PHP Warning:  Undefined array key "image" in D:\Apache24\Apache24\htdocs\Site_BD_True\products-template.php on line 32
[08-May-2026 10:37:18 UTC] PHP Warning:  Undefined array key "image" in D:\Apache24\Apache24\htdocs\Site_BD_True\products-template.php on line 33
[08-May-2026 10:37:34 UTC] PHP Warning:  Undefined array key "image" in D:\Apache24\Apache24\htdocs\Site_BD_True\products-template.php on line 32
[08-May-2026 10:37:34 UTC] PHP Warning:  Undefined array key "image" in D:\Apache24\Apache24\htdocs\Site_BD_True\products-template.php on line 33
[08-May-2026 10:37:34 UTC] PHP Warning:  Undefined array key "image" in D:\Apache24\Apache24\htdocs\Site_BD_True\products-template.php on line 32
[08-May-2026 10:37:34 UTC] PHP Warning:  Undefined array key "image" in D:\Apache24\Apache24\htdocs\Site_BD_True\products-template.php on line 33
[08-May-2026 10:37:34 UTC] PHP Warning:  Undefined array key "image" in D:\Apache24\Apache24\htdocs\Site_BD_True\products-template.php on line 32
[08-May-2026 10:37:34 UTC] PHP Warning:  Undefined array key "image" in D:\Apache24\Apache24\htdocs\Site_BD_True\products-template.php on line 33
[08-May-2026 10:37:34 UTC] PHP Warning:  Undefined array key "image" in D:\Apache24\Apache24\htdocs\Site_BD_True\products-template.php on line 32
[08-May-2026 10:37:34 UTC] PHP Warning:  Undefined array key "image" in D:\Apache24\Apache24\htdocs\Site_BD_True\products-template.php on line 33
[08-May-2026 10:37:34 UTC] PHP Warning:  Undefined array key "image" in D:\Apache24\Apache24\htdocs\Site_BD_True\products-template.php on line 32
[08-May-2026 10:37:34 UTC] PHP Warning:  Undefined array key "image" in D:\Apache24\Apache24\htdocs\Site_BD_True\products-template.php on line 33
[08-May-2026 10:37:34 UTC] PHP Warning:  Undefined array key "image" in D:\Apache24\Apache24\htdocs\Site_BD_True\products-template.php on line 32
[08-May-2026 10:37:34 UTC] PHP Warning:  Undefined array key "image" in D:\Apache24\Apache24\htdocs\Site_BD_True\products-template.php on line 33
[08-May-2026 10:37:34 UTC] PHP Warning:  Undefined array key "image" in D:\Apache24\Apache24\htdocs\Site_BD_True\products-template.php on line 32
[08-May-2026 10:37:34 UTC] PHP Warning:  Undefined array key "image" in D:\Apache24\Apache24\htdocs\Site_BD_True\products-template.php on line 33
[08-May-2026 10:37:34 UTC] PHP Warning:  Undefined array key "image" in D:\Apache24\Apache24\htdocs\Site_BD_True\products-template.php on line 32
[08-May-2026 10:37:34 UTC] PHP Warning:  Undefined array key "image" in D:\Apache24\Apache24\htdocs\Site_BD_True\products-template.php on line 33
[08-May-2026 10:37:34 UTC] PHP Warning:  Undefined array key "image" in D:\Apache24\Apache24\htdocs\Site_BD_True\products-template.php on line 32
[08-May-2026 10:37:34 UTC] PHP Warning:  Undefined array key "image" in D:\Apache24\Apache24\htdocs\Site_BD_True\products-template.php on line 33
[08-May-2026 10:37:34 UTC] PHP Warning:  Undefined array key "image" in D:\Apache24\Apache24\htdocs\Site_BD_True\products-template.php on line 32
[08-May-2026 10:37:34 UTC] PHP Warning:  Undefined array key "image" in D:\Apache24\Apache24\htdocs\Site_BD_True\products-template.php on line 33
[08-May-2026 10:37:34 UTC] PHP Warning:  Undefined array key "image" in D:\Apache24\Apache24\htdocs\Site_BD_True\products-template.php on line 32
[08-May-2026 10:37:34 UTC] PHP Warning:  Undefined array key "image" in D:\Apache24\Apache24\htdocs\Site_BD_True\products-template.php on line 33
[08-May-2026 10:37:34 UTC] PHP Warning:  Undefined array key "image" in D:\Apache24\Apache24\htdocs\Site_BD_True\products-template.php on line 32
[08-May-2026 10:37:34 UTC] PHP Warning:  Undefined array key "image" in D:\Apache24\Apache24\htdocs\Site_BD_True\products-template.php on line 33
[08-May-2026 10:37:34 UTC] PHP Warning:  Undefined array key "image" in D:\Apache24\Apache24\htdocs\Site_BD_True\products-template.php on line 32
[08-May-2026 10:37:34 UTC] PHP Warning:  Undefined array key "image" in D:\Apache24\Apache24\htdocs\Site_BD_True\products-template.php on line 33
[08-May-2026 10:37:34 UTC] PHP Warning:  Undefined array key "image" in D:\Apache24\Apache24\htdocs\Site_BD_True\products-template.php on line 32
[08-May-2026 10:37:34 UTC] PHP Warning:  Undefined array key "image" in D:\Apache24\Apache24\htdocs\Site_BD_True\products-template.php on line 33
[08-May-2026 10:37:34 UTC] PHP Warning:  Undefined array key "image" in D:\Apache24\Apache24\htdocs\Site_BD_True\products-template.php on line 32
[08-May-2026 10:37:34 UTC] PHP Warning:  Undefined array key "image" in D:\Apache24\Apache24\htdocs\Site_BD_True\products-template.php on line 33
[08-May-2026 10:37:34 UTC] PHP Warning:  Undefined array key "image" in D:\Apache24\Apache24\htdocs\Site_BD_True\products-template.php on line 32
[08-May-2026 10:37:34 UTC] PHP Warning:  Undefined array key "image" in D:\Apache24\Apache24\htdocs\Site_BD_True\products-template.php on line 33
[08-May-2026 10:37:34 UTC] PHP Warning:  Undefined array key "image" in D:\Apache24\Apache24\htdocs\Site_BD_True\products-template.php on line 32
[08-May-2026 10:37:34 UTC] PHP Warning:  Undefined array key "image" in D:\Apache24\Apache24\htdocs\Site_BD_True\products-template.php on line 33
[08-May-2026 10:37:34 UTC] PHP Warning:  Undefined array key "image" in D:\Apache24\Apache24\htdocs\Site_BD_True\products-template.php on line 32
[08-May-2026 10:37:34 UTC] PHP Warning:  Undefined array key "image" in D:\Apache24\Apache24\htdocs\Site_BD_True\products-template.php on line 33
[08-May-2026 10:37:34 UTC] PHP Warning:  Undefined array key "image" in D:\Apache24\Apache24\htdocs\Site_BD_True\products-template.php on line 32
[08-May-2026 10:37:34 UTC] PHP Warning:  Undefined array key "image" in D:\Apache24\Apache24\htdocs\Site_BD_True\products-template.php on line 33
[08-May-2026 10:37:34 UTC] PHP Warning:  Undefined array key "image" in D:\Apache24\Apache24\htdocs\Site_BD_True\products-template.php on line 32
[08-May-2026 10:37:34 UTC] PHP Warning:  Undefined array key "image" in D:\Apache24\Apache24\htdocs\Site_BD_True\products-template.php on line 33
[08-May-2026 10:37:34 UTC] PHP Warning:  Undefined array key "image" in D:\Apache24\Apache24\htdocs\Site_BD_True\products-template.php on line 32
[08-May-2026 10:37:34 UTC] PHP Warning:  Undefined array key "image" in D:\Apache24\Apache24\htdocs\Site_BD_True\products-template.php on line 33
[08-May-2026 10:37:34 UTC] PHP Warning:  Undefined array key "image" in D:\Apache24\Apache24\htdocs\Site_BD_True\products-template.php on line 32
[08-May-2026 10:37:34 UTC] PHP Warning:  Undefined array key "image" in D:\Apache24\Apache24\htdocs\Site_BD_True\products-template.php on line 33
[08-May-2026 10:37:43 UTC] PHP Warning:  Undefined array key "image" in D:\Apache24\Apache24\htdocs\Site_BD_True\products-template.php on line 32
[08-May-2026 10:37:43 UTC] PHP Warning:  Undefined array key "image" in D:\Apache24\Apache24\htdocs\Site_BD_True\products-template.php on line 33
[08-May-2026 10:37:43 UTC] PHP Warning:  Undefined array key "image" in D:\Apache24\Apache24\htdocs\Site_BD_True\products-template.php on line 32
[08-May-2026 10:37:43 UTC] PHP Warning:  Undefined array key "image" in D:\Apache24\Apache24\htdocs\Site_BD_True\products-template.php on line 33
[08-May-2026 10:37:43 UTC] PHP Warning:  Undefined array key "image" in D:\Apache24\Apache24\htdocs\Site_BD_True\products-template.php on line 32
[08-May-2026 10:37:43 UTC] PHP Warning:  Undefined array key "image" in D:\Apache24\Apache24\htdocs\Site_BD_True\products-template.php on line 33
[08-May-2026 10:37:43 UTC] PHP Warning:  Undefined array key "image" in D:\Apache24\Apache24\htdocs\Site_BD_True\products-template.php on line 32
[08-May-2026 10:37:43 UTC] PHP Warning:  Undefined array key "image" in D:\Apache24\Apache24\htdocs\Site_BD_True\products-template.php on line 33
[08-May-2026 10:37:43 UTC] PHP Warning:  Undefined array key "image" in D:\Apache24\Apache24\htdocs\Site_BD_True\products-template.php on line 32
[08-May-2026 10:37:43 UTC] PHP Warning:  Undefined array key "image" in D:\Apache24\Apache24\htdocs\Site_BD_True\products-template.php on line 33
[08-May-2026 10:37:43 UTC] PHP Warning:  Undefined array key "image" in D:\Apache24\Apache24\htdocs\Site_BD_True\products-template.php on line 32
[08-May-2026 10:37:43 UTC] PHP Warning:  Undefined array key "image" in D:\Apache24\Apache24\htdocs\Site_BD_True\products-template.php on line 33
[08-May-2026 10:37:43 UTC] PHP Warning:  Undefined array key "image" in D:\Apache24\Apache24\htdocs\Site_BD_True\products-template.php on line 32
[08-May-2026 10:37:43 UTC] PHP Warning:  Undefined array key "image" in D:\Apache24\Apache24\htdocs\Site_BD_True\products-template.php on line 33
[08-May-2026 10:37:43 UTC] PHP Warning:  Undefined array key "image" in D:\Apache24\Apache24\htdocs\Site_BD_True\products-template.php on line 32
[08-May-2026 10:37:43 UTC] PHP Warning:  Undefined array key "image" in D:\Apache24\Apache24\htdocs\Site_BD_True\products-template.php on line 33
[08-May-2026 10:37:43 UTC] PHP Warning:  Undefined array key "image" in D:\Apache24\Apache24\htdocs\Site_BD_True\products-template.php on line 32
[08-May-2026 10:37:43 UTC] PHP Warning:  Undefined array key "image" in D:\Apache24\Apache24\htdocs\Site_BD_True\products-template.php on line 33
[08-May-2026 10:37:43 UTC] PHP Warning:  Undefined array key "image" in D:\Apache24\Apache24\htdocs\Site_BD_True\products-template.php on line 32
[08-May-2026 10:37:43 UTC] PHP Warning:  Undefined array key "image" in D:\Apache24\Apache24\htdocs\Site_BD_True\products-template.php on line 33
[08-May-2026 10:37:43 UTC] PHP Warning:  Undefined array key "image" in D:\Apache24\Apache24\htdocs\Site_BD_True\products-template.php on line 32
[08-May-2026 10:37:43 UTC] PHP Warning:  Undefined array key "image" in D:\Apache24\Apache24\htdocs\Site_BD_True\products-template.php on line 33
[08-May-2026 10:37:43 UTC] PHP Warning:  Undefined array key "image" in D:\Apache24\Apache24\htdocs\Site_BD_True\products-template.php on line 32
[08-May-2026 10:37:43 UTC] PHP Warning:  Undefined array key "image" in D:\Apache24\Apache24\htdocs\Site_BD_True\products-template.php on line 33
[08-May-2026 10:37:43 UTC] PHP Warning:  Undefined array key "image" in D:\Apache24\Apache24\htdocs\Site_BD_True\products-template.php on line 32
[08-May-2026 10:37:43 UTC] PHP Warning:  Undefined array key "image" in D:\Apache24\Apache24\htdocs\Site_BD_True\products-template.php on line 33
[08-May-2026 10:37:43 UTC] PHP Warning:  Undefined array key "image" in D:\Apache24\Apache24\htdocs\Site_BD_True\products-template.php on line 32
[08-May-2026 10:37:43 UTC] PHP Warning:  Undefined array key "image" in D:\Apache24\Apache24\htdocs\Site_BD_True\products-template.php on line 33
[08-May-2026 10:37:43 UTC] PHP Warning:  Undefined array key "image" in D:\Apache24\Apache24\htdocs\Site_BD_True\products-template.php on line 32
[08-May-2026 10:37:43 UTC] PHP Warning:  Undefined array key "image" in D:\Apache24\Apache24\htdocs\Site_BD_True\products-template.php on line 33
[08-May-2026 10:37:43 UTC] PHP Warning:  Undefined array key "image" in D:\Apache24\Apache24\htdocs\Site_BD_True\products-template.php on line 32
[08-May-2026 10:37:43 UTC] PHP Warning:  Undefined array key "image" in D:\Apache24\Apache24\htdocs\Site_BD_True\products-template.php on line 33
[08-May-2026 10:37:43 UTC] PHP Warning:  Undefined array key "image" in D:\Apache24\Apache24\htdocs\Site_BD_True\products-template.php on line 32
[08-May-2026 10:37:43 UTC] PHP Warning:  Undefined array key "image" in D:\Apache24\Apache24\htdocs\Site_BD_True\products-template.php on line 33
[08-May-2026 10:37:43 UTC] PHP Warning:  Undefined array key "image" in D:\Apache24\Apache24\htdocs\Site_BD_True\products-template.php on line 32
[08-May-2026 10:37:43 UTC] PHP Warning:  Undefined array key "image" in D:\Apache24\Apache24\htdocs\Site_BD_True\products-template.php on line 33
[08-May-2026 10:37:43 UTC] PHP Warning:  Undefined array key "image" in D:\Apache24\Apache24\htdocs\Site_BD_True\products-template.php on line 32
[08-May-2026 10:37:43 UTC] PHP Warning:  Undefined array key "image" in D:\Apache24\Apache24\htdocs\Site_BD_True\products-template.php on line 33
[08-May-2026 10:37:43 UTC] PHP Warning:  Undefined array key "image" in D:\Apache24\Apache24\htdocs\Site_BD_True\products-template.php on line 32
[08-May-2026 10:37:43 UTC] PHP Warning:  Undefined array key "image" in D:\Apache24\Apache24\htdocs\Site_BD_True\products-template.php on line 33
[08-May-2026 10:37:43 UTC] PHP Warning:  Undefined array key "image" in D:\Apache24\Apache24\htdocs\Site_BD_True\products-template.php on line 32
[08-May-2026 10:37:43 UTC] PHP Warning:  Undefined array key "image" in D:\Apache24\Apache24\htdocs\Site_BD_True\products-template.php on line 33
[08-May-2026 10:37:43 UTC] PHP Warning:  Undefined array key "image" in D:\Apache24\Apache24\htdocs\Site_BD_True\products-template.php on line 32
[08-May-2026 10:37:43 UTC] PHP Warning:  Undefined array key "image" in D:\Apache24\Apache24\htdocs\Site_BD_True\products-template.php on line 33
[08-May-2026 10:39:20 UTC] PHP Warning:  Undefined array key "image" in D:\Apache24\Apache24\htdocs\Site_BD_True\products-template.php on line 32
[08-May-2026 10:39:20 UTC] PHP Warning:  Undefined array key "image" in D:\Apache24\Apache24\htdocs\Site_BD_True\products-template.php on line 33
[08-May-2026 10:39:20 UTC] PHP Warning:  Undefined array key "image" in D:\Apache24\Apache24\htdocs\Site_BD_True\products-template.php on line 32
[08-May-2026 10:39:20 UTC] PHP Warning:  Undefined array key "image" in D:\Apache24\Apache24\htdocs\Site_BD_True\products-template.php on line 33
[08-May-2026 10:39:20 UTC] PHP Warning:  Undefined array key "image" in D:\Apache24\Apache24\htdocs\Site_BD_True\products-template.php on line 32
[08-May-2026 10:39:20 UTC] PHP Warning:  Undefined array key "image" in D:\Apache24\Apache24\htdocs\Site_BD_True\products-template.php on line 33
[08-May-2026 10:39:20 UTC] PHP Warning:  Undefined array key "image" in D:\Apache24\Apache24\htdocs\Site_BD_True\products-template.php on line 32
[08-May-2026 10:39:20 UTC] PHP Warning:  Undefined array key "image" in D:\Apache24\Apache24\htdocs\Site_BD_True\products-template.php on line 33
[08-May-2026 10:39:20 UTC] PHP Warning:  Undefined array key "image" in D:\Apache24\Apache24\htdocs\Site_BD_True\products-template.php on line 32
[08-May-2026 10:39:20 UTC] PHP Warning:  Undefined array key "image" in D:\Apache24\Apache24\htdocs\Site_BD_True\products-template.php on line 33
[08-May-2026 10:39:20 UTC] PHP Warning:  Undefined array key "image" in D:\Apache24\Apache24\htdocs\Site_BD_True\products-template.php on line 32
[08-May-2026 10:39:20 UTC] PHP Warning:  Undefined array key "image" in D:\Apache24\Apache24\htdocs\Site_BD_True\products-template.php on line 33
[08-May-2026 10:39:20 UTC] PHP Warning:  Undefined array key "image" in D:\Apache24\Apache24\htdocs\Site_BD_True\products-template.php on line 32
[08-May-2026 10:39:20 UTC] PHP Warning:  Undefined array key "image" in D:\Apache24\Apache24\htdocs\Site_BD_True\products-template.php on line 33
[08-May-2026 10:39:20 UTC] PHP Warning:  Undefined array key "image" in D:\Apache24\Apache24\htdocs\Site_BD_True\products-template.php on line 32
[08-May-2026 10:39:20 UTC] PHP Warning:  Undefined array key "image" in D:\Apache24\Apache24\htdocs\Site_BD_True\products-template.php on line 33
[08-May-2026 10:39:20 UTC] PHP Warning:  Undefined array key "image" in D:\Apache24\Apache24\htdocs\Site_BD_True\products-template.php on line 32
[08-May-2026 10:39:20 UTC] PHP Warning:  Undefined array key "image" in D:\Apache24\Apache24\htdocs\Site_BD_True\products-template.php on line 33
[08-May-2026 10:39:20 UTC] PHP Warning:  Undefined array key "image" in D:\Apache24\Apache24\htdocs\Site_BD_True\products-template.php on line 32
[08-May-2026 10:39:20 UTC] PHP Warning:  Undefined array key "image" in D:\Apache24\Apache24\htdocs\Site_BD_True\products-template.php on line 33
[08-May-2026 10:39:20 UTC] PHP Warning:  Undefined array key "image" in D:\Apache24\Apache24\htdocs\Site_BD_True\products-template.php on line 32
[08-May-2026 10:39:20 UTC] PHP Warning:  Undefined array key "image" in D:\Apache24\Apache24\htdocs\Site_BD_True\products-template.php on line 33
[08-May-2026 10:39:20 UTC] PHP Warning:  Undefined array key "image" in D:\Apache24\Apache24\htdocs\Site_BD_True\products-template.php on line 32
[08-May-2026 10:39:20 UTC] PHP Warning:  Undefined array key "image" in D:\Apache24\Apache24\htdocs\Site_BD_True\products-template.php on line 33
[08-May-2026 10:39:20 UTC] PHP Warning:  Undefined array key "image" in D:\Apache24\Apache24\htdocs\Site_BD_True\products-template.php on line 32
[08-May-2026 10:39:20 UTC] PHP Warning:  Undefined array key "image" in D:\Apache24\Apache24\htdocs\Site_BD_True\products-template.php on line 33
[08-May-2026 10:39:20 UTC] PHP Warning:  Undefined array key "image" in D:\Apache24\Apache24\htdocs\Site_BD_True\products-template.php on line 32
[08-May-2026 10:39:20 UTC] PHP Warning:  Undefined array key "image" in D:\Apache24\Apache24\htdocs\Site_BD_True\products-template.php on line 33
[08-May-2026 10:39:20 UTC] PHP Warning:  Undefined array key "image" in D:\Apache24\Apache24\htdocs\Site_BD_True\products-template.php on line 32
[08-May-2026 10:39:20 UTC] PHP Warning:  Undefined array key "image" in D:\Apache24\Apache24\htdocs\Site_BD_True\products-template.php on line 33
[08-May-2026 10:39:20 UTC] PHP Warning:  Undefined array key "image" in D:\Apache24\Apache24\htdocs\Site_BD_True\products-template.php on line 32
[08-May-2026 10:39:20 UTC] PHP Warning:  Undefined array key "image" in D:\Apache24\Apache24\htdocs\Site_BD_True\products-template.php on line 33
[08-May-2026 10:39:20 UTC] PHP Warning:  Undefined array key "image" in D:\Apache24\Apache24\htdocs\Site_BD_True\products-template.php on line 32
[08-May-2026 10:39:20 UTC] PHP Warning:  Undefined array key "image" in D:\Apache24\Apache24\htdocs\Site_BD_True\products-template.php on line 33
[08-May-2026 10:39:20 UTC] PHP Warning:  Undefined array key "image" in D:\Apache24\Apache24\htdocs\Site_BD_True\products-template.php on line 32
[08-May-2026 10:39:20 UTC] PHP Warning:  Undefined array key "image" in D:\Apache24\Apache24\htdocs\Site_BD_True\products-template.php on line 33
[08-May-2026 10:39:20 UTC] PHP Warning:  Undefined array key "image" in D:\Apache24\Apache24\htdocs\Site_BD_True\products-template.php on line 32
[08-May-2026 10:39:20 UTC] PHP Warning:  Undefined array key "image" in D:\Apache24\Apache24\htdocs\Site_BD_True\products-template.php on line 33
[08-May-2026 10:39:20 UTC] PHP Warning:  Undefined array key "image" in D:\Apache24\Apache24\htdocs\Site_BD_True\products-template.php on line 32
[08-May-2026 10:39:20 UTC] PHP Warning:  Undefined array key "image" in D:\Apache24\Apache24\htdocs\Site_BD_True\products-template.php on line 33
[08-May-2026 10:39:20 UTC] PHP Warning:  Undefined array key "image" in D:\Apache24\Apache24\htdocs\Site_BD_True\products-template.php on line 32
[08-May-2026 10:39:20 UTC] PHP Warning:  Undefined array key "image" in D:\Apache24\Apache24\htdocs\Site_BD_True\products-template.php on line 33
[08-May-2026 10:39:20 UTC] PHP Warning:  Undefined array key "image" in D:\Apache24\Apache24\htdocs\Site_BD_True\products-template.php on line 32
[08-May-2026 10:39:20 UTC] PHP Warning:  Undefined array key "image" in D:\Apache24\Apache24\htdocs\Site_BD_True\products-template.php on line 33
[08-May-2026 10:39:46 UTC] PHP Warning:  Undefined array key "image" in D:\Apache24\Apache24\htdocs\Site_BD_True\products-template.php on line 32
[08-May-2026 10:39:46 UTC] PHP Warning:  Undefined array key "image" in D:\Apache24\Apache24\htdocs\Site_BD_True\products-template.php on line 33
[08-May-2026 10:39:46 UTC] PHP Warning:  Undefined array key "image" in D:\Apache24\Apache24\htdocs\Site_BD_True\products-template.php on line 32
[08-May-2026 10:39:46 UTC] PHP Warning:  Undefined array key "image" in D:\Apache24\Apache24\htdocs\Site_BD_True\products-template.php on line 33
[08-May-2026 10:39:46 UTC] PHP Warning:  Undefined array key "image" in D:\Apache24\Apache24\htdocs\Site_BD_True\products-template.php on line 32
[08-May-2026 10:39:46 UTC] PHP Warning:  Undefined array key "image" in D:\Apache24\Apache24\htdocs\Site_BD_True\products-template.php on line 33
[08-May-2026 10:39:46 UTC] PHP Warning:  Undefined array key "image" in D:\Apache24\Apache24\htdocs\Site_BD_True\products-template.php on line 32
[08-May-2026 10:39:46 UTC] PHP Warning:  Undefined array key "image" in D:\Apache24\Apache24\htdocs\Site_BD_True\products-template.php on line 33
[08-May-2026 10:39:46 UTC] PHP Warning:  Undefined array key "image" in D:\Apache24\Apache24\htdocs\Site_BD_True\products-template.php on line 32
[08-May-2026 10:39:46 UTC] PHP Warning:  Undefined array key "image" in D:\Apache24\Apache24\htdocs\Site_BD_True\products-template.php on line 33
[08-May-2026 10:39:46 UTC] PHP Warning:  Undefined array key "image" in D:\Apache24\Apache24\htdocs\Site_BD_True\products-template.php on line 32
[08-May-2026 10:39:46 UTC] PHP Warning:  Undefined array key "image" in D:\Apache24\Apache24\htdocs\Site_BD_True\products-template.php on line 33
[08-May-2026 10:39:46 UTC] PHP Warning:  Undefined array key "image" in D:\Apache24\Apache24\htdocs\Site_BD_True\products-template.php on line 32
[08-May-2026 10:39:46 UTC] PHP Warning:  Undefined array key "image" in D:\Apache24\Apache24\htdocs\Site_BD_True\products-template.php on line 33
[08-May-2026 10:39:46 UTC] PHP Warning:  Undefined array key "image" in D:\Apache24\Apache24\htdocs\Site_BD_True\products-template.php on line 32
[08-May-2026 10:39:46 UTC] PHP Warning:  Undefined array key "image" in D:\Apache24\Apache24\htdocs\Site_BD_True\products-template.php on line 33
[08-May-2026 10:39:46 UTC] PHP Warning:  Undefined array key "image" in D:\Apache24\Apache24\htdocs\Site_BD_True\products-template.php on line 32
[08-May-2026 10:39:46 UTC] PHP Warning:  Undefined array key "image" in D:\Apache24\Apache24\htdocs\Site_BD_True\products-template.php on line 33
[08-May-2026 10:39:46 UTC] PHP Warning:  Undefined array key "image" in D:\Apache24\Apache24\htdocs\Site_BD_True\products-template.php on line 32
[08-May-2026 10:39:46 UTC] PHP Warning:  Undefined array key "image" in D:\Apache24\Apache24\htdocs\Site_BD_True\products-template.php on line 33
[08-May-2026 10:39:46 UTC] PHP Warning:  Undefined array key "image" in D:\Apache24\Apache24\htdocs\Site_BD_True\products-template.php on line 32
[08-May-2026 10:39:46 UTC] PHP Warning:  Undefined array key "image" in D:\Apache24\Apache24\htdocs\Site_BD_True\products-template.php on line 33
[08-May-2026 10:39:46 UTC] PHP Warning:  Undefined array key "image" in D:\Apache24\Apache24\htdocs\Site_BD_True\products-template.php on line 32
[08-May-2026 10:39:46 UTC] PHP Warning:  Undefined array key "image" in D:\Apache24\Apache24\htdocs\Site_BD_True\products-template.php on line 33
[08-May-2026 10:39:46 UTC] PHP Warning:  Undefined array key "image" in D:\Apache24\Apache24\htdocs\Site_BD_True\products-template.php on line 32
[08-May-2026 10:39:46 UTC] PHP Warning:  Undefined array key "image" in D:\Apache24\Apache24\htdocs\Site_BD_True\products-template.php on line 33
[08-May-2026 10:39:46 UTC] PHP Warning:  Undefined array key "image" in D:\Apache24\Apache24\htdocs\Site_BD_True\products-template.php on line 32
[08-May-2026 10:39:46 UTC] PHP Warning:  Undefined array key "image" in D:\Apache24\Apache24\htdocs\Site_BD_True\products-template.php on line 33
[08-May-2026 10:39:46 UTC] PHP Warning:  Undefined array key "image" in D:\Apache24\Apache24\htdocs\Site_BD_True\products-template.php on line 32
[08-May-2026 10:39:46 UTC] PHP Warning:  Undefined array key "image" in D:\Apache24\Apache24\htdocs\Site_BD_True\products-template.php on line 33
[08-May-2026 10:39:46 UTC] PHP Warning:  Undefined array key "image" in D:\Apache24\Apache24\htdocs\Site_BD_True\products-template.php on line 32
[08-May-2026 10:39:46 UTC] PHP Warning:  Undefined array key "image" in D:\Apache24\Apache24\htdocs\Site_BD_True\products-template.php on line 33
[08-May-2026 10:39:46 UTC] PHP Warning:  Undefined array key "image" in D:\Apache24\Apache24\htdocs\Site_BD_True\products-template.php on line 32
[08-May-2026 10:39:46 UTC] PHP Warning:  Undefined array key "image" in D:\Apache24\Apache24\htdocs\Site_BD_True\products-template.php on line 33
[08-May-2026 10:39:46 UTC] PHP Warning:  Undefined array key "image" in D:\Apache24\Apache24\htdocs\Site_BD_True\products-template.php on line 32
[08-May-2026 10:39:46 UTC] PHP Warning:  Undefined array key "image" in D:\Apache24\Apache24\htdocs\Site_BD_True\products-template.php on line 33
[08-May-2026 10:39:46 UTC] PHP Warning:  Undefined array key "image" in D:\Apache24\Apache24\htdocs\Site_BD_True\products-template.php on line 32
[08-May-2026 10:39:46 UTC] PHP Warning:  Undefined array key "image" in D:\Apache24\Apache24\htdocs\Site_BD_True\products-template.php on line 33
[08-May-2026 10:39:46 UTC] PHP Warning:  Undefined array key "image" in D:\Apache24\Apache24\htdocs\Site_BD_True\products-template.php on line 32
[08-May-2026 10:39:46 UTC] PHP Warning:  Undefined array key "image" in D:\Apache24\Apache24\htdocs\Site_BD_True\products-template.php on line 33
[08-May-2026 10:39:46 UTC] PHP Warning:  Undefined array key "image" in D:\Apache24\Apache24\htdocs\Site_BD_True\products-template.php on line 32
[08-May-2026 10:39:46 UTC] PHP Warning:  Undefined array key "image" in D:\Apache24\Apache24\htdocs\Site_BD_True\products-template.php on line 33
[08-May-2026 10:39:46 UTC] PHP Warning:  Undefined array key "image" in D:\Apache24\Apache24\htdocs\Site_BD_True\products-template.php on line 32
[08-May-2026 10:39:46 UTC] PHP Warning:  Undefined array key "image" in D:\Apache24\Apache24\htdocs\Site_BD_True\products-template.php on line 33
[08-May-2026 11:02:31 UTC] PHP Warning:  Undefined array key "user" in D:\Apache24\Apache24\htdocs\Site_BD_True\products-template.php on line 10
[08-May-2026 11:02:31 UTC] PHP Warning:  Trying to access array offset on null in D:\Apache24\Apache24\htdocs\Site_BD_True\products-template.php on line 39
[08-May-2026 11:02:31 UTC] PHP Warning:  Trying to access array offset on null in D:\Apache24\Apache24\htdocs\Site_BD_True\products-template.php on line 39
[08-May-2026 11:02:31 UTC] PHP Warning:  Trying to access array offset on null in D:\Apache24\Apache24\htdocs\Site_BD_True\products-template.php on line 39
[08-May-2026 11:02:31 UTC] PHP Warning:  Trying to access array offset on null in D:\Apache24\Apache24\htdocs\Site_BD_True\products-template.php on line 39
[08-May-2026 11:02:31 UTC] PHP Warning:  Trying to access array offset on null in D:\Apache24\Apache24\htdocs\Site_BD_True\products-template.php on line 39
[08-May-2026 11:02:31 UTC] PHP Warning:  Trying to access array offset on null in D:\Apache24\Apache24\htdocs\Site_BD_True\products-template.php on line 39
[08-May-2026 11:02:31 UTC] PHP Warning:  Trying to access array offset on null in D:\Apache24\Apache24\htdocs\Site_BD_True\products-template.php on line 39
[08-May-2026 11:02:31 UTC] PHP Warning:  Trying to access array offset on null in D:\Apache24\Apache24\htdocs\Site_BD_True\products-template.php on line 39
[08-May-2026 11:02:31 UTC] PHP Warning:  Trying to access array offset on null in D:\Apache24\Apache24\htdocs\Site_BD_True\products-template.php on line 39
[08-May-2026 11:02:31 UTC] PHP Warning:  Trying to access array offset on null in D:\Apache24\Apache24\htdocs\Site_BD_True\products-template.php on line 39
[08-May-2026 11:02:31 UTC] PHP Warning:  Trying to access array offset on null in D:\Apache24\Apache24\htdocs\Site_BD_True\products-template.php on line 39
[08-May-2026 11:02:31 UTC] PHP Warning:  Trying to access array offset on null in D:\Apache24\Apache24\htdocs\Site_BD_True\products-template.php on line 39
[08-May-2026 11:02:31 UTC] PHP Warning:  Trying to access array offset on null in D:\Apache24\Apache24\htdocs\Site_BD_True\products-template.php on line 39
[08-May-2026 11:02:31 UTC] PHP Warning:  Trying to access array offset on null in D:\Apache24\Apache24\htdocs\Site_BD_True\products-template.php on line 39
[08-May-2026 11:02:31 UTC] PHP Warning:  Trying to access array offset on null in D:\Apache24\Apache24\htdocs\Site_BD_True\products-template.php on line 39
[08-May-2026 11:02:31 UTC] PHP Warning:  Trying to access array offset on null in D:\Apache24\Apache24\htdocs\Site_BD_True\products-template.php on line 39
[08-May-2026 11:02:31 UTC] PHP Warning:  Trying to access array offset on null in D:\Apache24\Apache24\htdocs\Site_BD_True\products-template.php on line 39
[08-May-2026 11:02:31 UTC] PHP Warning:  Trying to access array offset on null in D:\Apache24\Apache24\htdocs\Site_BD_True\products-template.php on line 39
[08-May-2026 11:02:31 UTC] PHP Warning:  Trying to access array offset on null in D:\Apache24\Apache24\htdocs\Site_BD_True\products-template.php on line 39
[08-May-2026 11:02:31 UTC] PHP Warning:  Trying to access array offset on null in D:\Apache24\Apache24\htdocs\Site_BD_True\products-template.php on line 39
[08-May-2026 11:02:31 UTC] PHP Warning:  Trying to access array offset on null in D:\Apache24\Apache24\htdocs\Site_BD_True\products-template.php on line 39
[08-May-2026 11:02:31 UTC] PHP Warning:  Trying to access array offset on null in D:\Apache24\Apache24\htdocs\Site_BD_True\products-template.php on line 39
[08-May-2026 11:02:38 UTC] PHP Warning:  Undefined array key "user" in D:\Apache24\Apache24\htdocs\Site_BD_True\products-template.php on line 10
[08-May-2026 11:02:38 UTC] PHP Warning:  Trying to access array offset on null in D:\Apache24\Apache24\htdocs\Site_BD_True\products-template.php on line 39
[08-May-2026 11:02:38 UTC] PHP Warning:  Trying to access array offset on null in D:\Apache24\Apache24\htdocs\Site_BD_True\products-template.php on line 39
[08-May-2026 11:02:38 UTC] PHP Warning:  Trying to access array offset on null in D:\Apache24\Apache24\htdocs\Site_BD_True\products-template.php on line 39
[08-May-2026 11:02:38 UTC] PHP Warning:  Trying to access array offset on null in D:\Apache24\Apache24\htdocs\Site_BD_True\products-template.php on line 39
[08-May-2026 11:02:38 UTC] PHP Warning:  Trying to access array offset on null in D:\Apache24\Apache24\htdocs\Site_BD_True\products-template.php on line 39
[08-May-2026 11:02:38 UTC] PHP Warning:  Trying to access array offset on null in D:\Apache24\Apache24\htdocs\Site_BD_True\products-template.php on line 39
[08-May-2026 11:02:38 UTC] PHP Warning:  Trying to access array offset on null in D:\Apache24\Apache24\htdocs\Site_BD_True\products-template.php on line 39
[08-May-2026 11:02:38 UTC] PHP Warning:  Trying to access array offset on null in D:\Apache24\Apache24\htdocs\Site_BD_True\products-template.php on line 39
[08-May-2026 11:02:38 UTC] PHP Warning:  Trying to access array offset on null in D:\Apache24\Apache24\htdocs\Site_BD_True\products-template.php on line 39
[08-May-2026 11:02:38 UTC] PHP Warning:  Trying to access array offset on null in D:\Apache24\Apache24\htdocs\Site_BD_True\products-template.php on line 39
[08-May-2026 11:02:38 UTC] PHP Warning:  Trying to access array offset on null in D:\Apache24\Apache24\htdocs\Site_BD_True\products-template.php on line 39
[08-May-2026 11:02:38 UTC] PHP Warning:  Trying to access array offset on null in D:\Apache24\Apache24\htdocs\Site_BD_True\products-template.php on line 39
[08-May-2026 11:02:38 UTC] PHP Warning:  Trying to access array offset on null in D:\Apache24\Apache24\htdocs\Site_BD_True\products-template.php on line 39
[08-May-2026 11:02:38 UTC] PHP Warning:  Trying to access array offset on null in D:\Apache24\Apache24\htdocs\Site_BD_True\products-template.php on line 39
[08-May-2026 11:02:38 UTC] PHP Warning:  Trying to access array offset on null in D:\Apache24\Apache24\htdocs\Site_BD_True\products-template.php on line 39
[08-May-2026 11:02:38 UTC] PHP Warning:  Trying to access array offset on null in D:\Apache24\Apache24\htdocs\Site_BD_True\products-template.php on line 39
[08-May-2026 11:02:38 UTC] PHP Warning:  Trying to access array offset on null in D:\Apache24\Apache24\htdocs\Site_BD_True\products-template.php on line 39
[08-May-2026 11:02:38 UTC] PHP Warning:  Trying to access array offset on null in D:\Apache24\Apache24\htdocs\Site_BD_True\products-template.php on line 39
[08-May-2026 11:02:38 UTC] PHP Warning:  Trying to access array offset on null in D:\Apache24\Apache24\htdocs\Site_BD_True\products-template.php on line 39
[08-May-2026 11:02:38 UTC] PHP Warning:  Trying to access array offset on null in D:\Apache24\Apache24\htdocs\Site_BD_True\products-template.php on line 39
[08-May-2026 11:02:38 UTC] PHP Warning:  Trying to access array offset on null in D:\Apache24\Apache24\htdocs\Site_BD_True\products-template.php on line 39
[08-May-2026 11:02:38 UTC] PHP Warning:  Trying to access array offset on null in D:\Apache24\Apache24\htdocs\Site_BD_True\products-template.php on line 39
[08-May-2026 11:02:42 UTC] PHP Warning:  Undefined array key "user" in D:\Apache24\Apache24\htdocs\Site_BD_True\products-template.php on line 10
[08-May-2026 11:02:42 UTC] PHP Warning:  Trying to access array offset on null in D:\Apache24\Apache24\htdocs\Site_BD_True\products-template.php on line 39
[08-May-2026 11:02:42 UTC] PHP Warning:  Trying to access array offset on null in D:\Apache24\Apache24\htdocs\Site_BD_True\products-template.php on line 39
[08-May-2026 11:02:42 UTC] PHP Warning:  Trying to access array offset on null in D:\Apache24\Apache24\htdocs\Site_BD_True\products-template.php on line 39
[08-May-2026 11:02:42 UTC] PHP Warning:  Trying to access array offset on null in D:\Apache24\Apache24\htdocs\Site_BD_True\products-template.php on line 39
[08-May-2026 11:02:42 UTC] PHP Warning:  Trying to access array offset on null in D:\Apache24\Apache24\htdocs\Site_BD_True\products-template.php on line 39
[08-May-2026 11:02:42 UTC] PHP Warning:  Trying to access array offset on null in D:\Apache24\Apache24\htdocs\Site_BD_True\products-template.php on line 39
[08-May-2026 11:02:42 UTC] PHP Warning:  Trying to access array offset on null in D:\Apache24\Apache24\htdocs\Site_BD_True\products-template.php on line 39
[08-May-2026 11:02:42 UTC] PHP Warning:  Trying to access array offset on null in D:\Apache24\Apache24\htdocs\Site_BD_True\products-template.php on line 39
[08-May-2026 11:02:42 UTC] PHP Warning:  Trying to access array offset on null in D:\Apache24\Apache24\htdocs\Site_BD_True\products-template.php on line 39
[08-May-2026 11:02:42 UTC] PHP Warning:  Trying to access array offset on null in D:\Apache24\Apache24\htdocs\Site_BD_True\products-template.php on line 39
[08-May-2026 11:02:42 UTC] PHP Warning:  Trying to access array offset on null in D:\Apache24\Apache24\htdocs\Site_BD_True\products-template.php on line 39
[08-May-2026 11:02:42 UTC] PHP Warning:  Trying to access array offset on null in D:\Apache24\Apache24\htdocs\Site_BD_True\products-template.php on line 39
[08-May-2026 11:02:42 UTC] PHP Warning:  Trying to access array offset on null in D:\Apache24\Apache24\htdocs\Site_BD_True\products-template.php on line 39
[08-May-2026 11:02:42 UTC] PHP Warning:  Trying to access array offset on null in D:\Apache24\Apache24\htdocs\Site_BD_True\products-template.php on line 39
[08-May-2026 11:02:42 UTC] PHP Warning:  Trying to access array offset on null in D:\Apache24\Apache24\htdocs\Site_BD_True\products-template.php on line 39
[08-May-2026 11:02:42 UTC] PHP Warning:  Trying to access array offset on null in D:\Apache24\Apache24\htdocs\Site_BD_True\products-template.php on line 39
[08-May-2026 11:02:42 UTC] PHP Warning:  Trying to access array offset on null in D:\Apache24\Apache24\htdocs\Site_BD_True\products-template.php on line 39
[08-May-2026 11:02:42 UTC] PHP Warning:  Trying to access array offset on null in D:\Apache24\Apache24\htdocs\Site_BD_True\products-template.php on line 39
[08-May-2026 11:02:42 UTC] PHP Warning:  Trying to access array offset on null in D:\Apache24\Apache24\htdocs\Site_BD_True\products-template.php on line 39
[08-May-2026 11:02:42 UTC] PHP Warning:  Trying to access array offset on null in D:\Apache24\Apache24\htdocs\Site_BD_True\products-template.php on line 39
[08-May-2026 11:02:42 UTC] PHP Warning:  Trying to access array offset on null in D:\Apache24\Apache24\htdocs\Site_BD_True\products-template.php on line 39
[08-May-2026 11:02:42 UTC] PHP Warning:  Trying to access array offset on null in D:\Apache24\Apache24\htdocs\Site_BD_True\products-template.php on line 39
[08-May-2026 11:03:16 UTC] PHP Warning:  Undefined array key "user" in D:\Apache24\Apache24\htdocs\Site_BD_True\products-template.php on line 10
[08-May-2026 11:03:16 UTC] PHP Warning:  Trying to access array offset on null in D:\Apache24\Apache24\htdocs\Site_BD_True\products-template.php on line 39
[08-May-2026 11:03:16 UTC] PHP Warning:  Trying to access array offset on null in D:\Apache24\Apache24\htdocs\Site_BD_True\products-template.php on line 39
[08-May-2026 11:03:16 UTC] PHP Warning:  Trying to access array offset on null in D:\Apache24\Apache24\htdocs\Site_BD_True\products-template.php on line 39
[08-May-2026 11:03:16 UTC] PHP Warning:  Trying to access array offset on null in D:\Apache24\Apache24\htdocs\Site_BD_True\products-template.php on line 39
[08-May-2026 11:03:16 UTC] PHP Warning:  Trying to access array offset on null in D:\Apache24\Apache24\htdocs\Site_BD_True\products-template.php on line 39
[08-May-2026 11:03:16 UTC] PHP Warning:  Trying to access array offset on null in D:\Apache24\Apache24\htdocs\Site_BD_True\products-template.php on line 39
[08-May-2026 11:03:16 UTC] PHP Warning:  Trying to access array offset on null in D:\Apache24\Apache24\htdocs\Site_BD_True\products-template.php on line 39
[08-May-2026 11:03:16 UTC] PHP Warning:  Trying to access array offset on null in D:\Apache24\Apache24\htdocs\Site_BD_True\products-template.php on line 39
[08-May-2026 11:03:16 UTC] PHP Warning:  Trying to access array offset on null in D:\Apache24\Apache24\htdocs\Site_BD_True\products-template.php on line 39
[08-May-2026 11:03:16 UTC] PHP Warning:  Trying to access array offset on null in D:\Apache24\Apache24\htdocs\Site_BD_True\products-template.php on line 39
[08-May-2026 11:03:16 UTC] PHP Warning:  Trying to access array offset on null in D:\Apache24\Apache24\htdocs\Site_BD_True\products-template.php on line 39
[08-May-2026 11:03:16 UTC] PHP Warning:  Trying to access array offset on null in D:\Apache24\Apache24\htdocs\Site_BD_True\products-template.php on line 39
[08-May-2026 11:03:16 UTC] PHP Warning:  Trying to access array offset on null in D:\Apache24\Apache24\htdocs\Site_BD_True\products-template.php on line 39
[08-May-2026 11:03:16 UTC] PHP Warning:  Trying to access array offset on null in D:\Apache24\Apache24\htdocs\Site_BD_True\products-template.php on line 39
[08-May-2026 11:03:16 UTC] PHP Warning:  Trying to access array offset on null in D:\Apache24\Apache24\htdocs\Site_BD_True\products-template.php on line 39
[08-May-2026 11:03:16 UTC] PHP Warning:  Trying to access array offset on null in D:\Apache24\Apache24\htdocs\Site_BD_True\products-template.php on line 39
[08-May-2026 11:03:16 UTC] PHP Warning:  Trying to access array offset on null in D:\Apache24\Apache24\htdocs\Site_BD_True\products-template.php on line 39
[08-May-2026 11:03:16 UTC] PHP Warning:  Trying to access array offset on null in D:\Apache24\Apache24\htdocs\Site_BD_True\products-template.php on line 39
[08-May-2026 11:03:16 UTC] PHP Warning:  Trying to access array offset on null in D:\Apache24\Apache24\htdocs\Site_BD_True\products-template.php on line 39
[08-May-2026 11:03:16 UTC] PHP Warning:  Trying to access array offset on null in D:\Apache24\Apache24\htdocs\Site_BD_True\products-template.php on line 39
[08-May-2026 11:03:16 UTC] PHP Warning:  Trying to access array offset on null in D:\Apache24\Apache24\htdocs\Site_BD_True\products-template.php on line 39
[08-May-2026 11:03:16 UTC] PHP Warning:  Trying to access array offset on null in D:\Apache24\Apache24\htdocs\Site_BD_True\products-template.php on line 39
[08-May-2026 11:03:58 UTC] PHP Warning:  Undefined array key "user" in D:\Apache24\Apache24\htdocs\Site_BD_True\products-template.php on line 10
[08-May-2026 11:04:41 UTC] PHP Warning:  Undefined array key "user" in D:\Apache24\Apache24\htdocs\Site_BD_True\products-template.php on line 10
[10-May-2026 12:33:19 UTC] PHP Warning:  Module "pdo_pgsql" is already loaded in Unknown on line 0
[10-May-2026 12:33:19 UTC] PHP Warning:  Module "pgsql" is already loaded in Unknown on line 0
[10-May-2026 12:33:19 UTC] PHP Warning:  Module "pdo_pgsql" is already loaded in Unknown on line 0
[10-May-2026 12:33:19 UTC] PHP Warning:  Module "pgsql" is already loaded in Unknown on line 0
[10-May-2026 12:33:19 UTC] PHP Warning:  Module "pdo_pgsql" is already loaded in Unknown on line 0
[10-May-2026 12:33:19 UTC] PHP Warning:  Module "pgsql" is already loaded in Unknown on line 0
[10-May-2026 12:33:19 UTC] PHP Warning:  Module "pdo_pgsql" is already loaded in Unknown on line 0
[10-May-2026 12:33:19 UTC] PHP Warning:  Module "pgsql" is already loaded in Unknown on line 0
[10-May-2026 12:33:19 UTC] PHP Warning:  Module "pdo_pgsql" is already loaded in Unknown on line 0
[10-May-2026 12:33:19 UTC] PHP Warning:  Module "pgsql" is already loaded in Unknown on line 0
[10-May-2026 12:33:20 UTC] PHP Warning:  Module "pdo_pgsql" is already loaded in Unknown on line 0
[10-May-2026 12:33:20 UTC] PHP Warning:  Module "pgsql" is already loaded in Unknown on line 0
[10-May-2026 12:33:20 UTC] PHP Warning:  Module "pdo_pgsql" is already loaded in Unknown on line 0
[10-May-2026 12:33:20 UTC] PHP Warning:  Module "pgsql" is already loaded in Unknown on line 0
[10-May-2026 12:33:20 UTC] PHP Warning:  Module "pdo_pgsql" is already loaded in Unknown on line 0
[10-May-2026 12:33:20 UTC] PHP Warning:  Module "pgsql" is already loaded in Unknown on line 0
[10-May-2026 12:33:20 UTC] PHP Warning:  Module "pdo_pgsql" is already loaded in Unknown on line 0
[10-May-2026 12:33:20 UTC] PHP Warning:  Module "pgsql" is already loaded in Unknown on line 0
[10-May-2026 12:35:02 UTC] PHP Warning:  Module "pdo_pgsql" is already loaded in Unknown on line 0
[10-May-2026 12:35:02 UTC] PHP Warning:  Module "pgsql" is already loaded in Unknown on line 0
[10-May-2026 12:35:02 UTC] PHP Warning:  Module "pdo_pgsql" is already loaded in Unknown on line 0
[10-May-2026 12:35:02 UTC] PHP Warning:  Module "pgsql" is already loaded in Unknown on line 0
[10-May-2026 12:35:02 UTC] PHP Warning:  Module "pdo_pgsql" is already loaded in Unknown on line 0
[10-May-2026 12:35:02 UTC] PHP Warning:  Module "pgsql" is already loaded in Unknown on line 0
[10-May-2026 12:35:02 UTC] PHP Warning:  Module "pdo_pgsql" is already loaded in Unknown on line 0
[10-May-2026 12:35:02 UTC] PHP Warning:  Module "pgsql" is already loaded in Unknown on line 0
[10-May-2026 12:35:03 UTC] PHP Warning:  Module "pdo_pgsql" is already loaded in Unknown on line 0
[10-May-2026 12:35:03 UTC] PHP Warning:  Module "pgsql" is already loaded in Unknown on line 0
[10-May-2026 12:35:03 UTC] PHP Warning:  Module "pdo_pgsql" is already loaded in Unknown on line 0
[10-May-2026 12:35:03 UTC] PHP Warning:  Module "pgsql" is already loaded in Unknown on line 0
[10-May-2026 12:35:03 UTC] PHP Warning:  Module "pdo_pgsql" is already loaded in Unknown on line 0
[10-May-2026 12:35:03 UTC] PHP Warning:  Module "pgsql" is already loaded in Unknown on line 0
[10-May-2026 12:35:03 UTC] PHP Warning:  Module "pdo_pgsql" is already loaded in Unknown on line 0
[10-May-2026 12:35:03 UTC] PHP Warning:  Module "pgsql" is already loaded in Unknown on line 0
[10-May-2026 12:44:58 UTC] PHP Warning:  Module "pdo_pgsql" is already loaded in Unknown on line 0
[10-May-2026 12:44:58 UTC] PHP Warning:  Module "pgsql" is already loaded in Unknown on line 0
[10-May-2026 12:49:47 UTC] PHP Warning:  Module "pdo_pgsql" is already loaded in Unknown on line 0
[10-May-2026 12:49:47 UTC] PHP Warning:  Module "pgsql" is already loaded in Unknown on line 0
[10-May-2026 12:49:47 UTC] PHP Warning:  Module "pdo_pgsql" is already loaded in Unknown on line 0
[10-May-2026 12:49:47 UTC] PHP Warning:  Module "pgsql" is already loaded in Unknown on line 0
[10-May-2026 12:56:18 UTC] PHP Warning:  Module "pdo_pgsql" is already loaded in Unknown on line 0
[10-May-2026 12:56:18 UTC] PHP Warning:  Module "pgsql" is already loaded in Unknown on line 0
[10-May-2026 12:56:18 UTC] PHP Warning:  Module "pdo_pgsql" is already loaded in Unknown on line 0
[10-May-2026 12:56:18 UTC] PHP Warning:  Module "pgsql" is already loaded in Unknown on line 0
